../Core/Src/main.c:98:6:MPU6050_Init	32	static
../Core/Src/main.c:111:6:MPU6050_Read	32	static
../Core/Src/main.c:125:6:DFPlayer_Play	40	static
../Core/Src/main.c:151:6:DFPlayer_SetVolume	40	static
../Core/Src/main.c:177:6:BLE_Send	16	static
../Core/Src/main.c:190:6:uart_print	16	static
../Core/Src/main.c:200:6:Simple_Predict	32	static
../Core/Src/main.c:238:5:main	64	static
../Core/Src/main.c:385:6:SystemClock_Config	88	static
../Core/Src/main.c:429:13:MX_ADC1_Init	48	static
../Core/Src/main.c:501:13:MX_I2C1_Init	8	static
../Core/Src/main.c:521:13:MX_USART1_UART_Init	8	static
../Core/Src/main.c:540:13:MX_USART2_UART_Init	8	static
../Core/Src/main.c:559:13:MX_USART3_UART_Init	8	static
../Core/Src/main.c:578:13:MX_DMA_Init	16	static
../Core/Src/main.c:588:13:MX_GPIO_Init	24	static
../Core/Src/main.c:602:6:Error_Handler	4	static,ignoring_inline_asm
