../Core/Src/main.c:98:6:MPU6050_Init	1
../Core/Src/main.c:111:6:MPU6050_Read	1
../Core/Src/main.c:125:6:DFPlayer_Play	2
../Core/Src/main.c:151:6:DFPlayer_SetVolume	2
../Core/Src/main.c:177:6:BLE_Send	1
../Core/Src/main.c:190:6:uart_print	1
../Core/Src/main.c:200:6:Simple_Predict	22
../Core/Src/main.c:238:5:main	8
../Core/Src/main.c:385:6:SystemClock_Config	4
../Core/Src/main.c:429:13:MX_ADC1_Init	8
../Core/Src/main.c:501:13:MX_I2C1_Init	2
../Core/Src/main.c:521:13:MX_USART1_UART_Init	2
../Core/Src/main.c:540:13:MX_USART2_UART_Init	2
../Core/Src/main.c:559:13:MX_USART3_UART_Init	2
../Core/Src/main.c:578:13:MX_DMA_Init	1
../Core/Src/main.c:588:13:MX_GPIO_Init	1
../Core/Src/main.c:602:6:Error_Handler	1
